https://www.rodsbooks.com/refind/refind-metro.png:  HTTPError: Response code 404 (Not Found)
https://www.rodsbooks.com/refind/apple.stackexchange.com/questions/91139/why-does-my-mbp-sleep-on-mountain-lion-and-often-not-wake-up/91150#91150:  HTTPError: Response code 404 (Not Found)
https://www.rodsbooks.com/refind/mailto:rodsmith@rodsbooks.com:  HTTPError: Response code 404 (Not Found)
https://www.rodsbooks.com/refind/fdl-1.3.txt:  HTTPError: Response code 404 (Not Found)
https://www.rodsbooks.com/refind/refind-metro.png:  HTTPError: Response code 404 (Not Found)
https://www.rodsbooks.com/refind/mailto:rodsmith@rodsbooks.com:  HTTPError: Response code 404 (Not Found)
https://www.rodsbooks.com/refind/fdl-1.3.txt:  HTTPError: Response code 404 (Not Found)
https://www.rodsbooks.com/refind/mailto:rodsmith@rodsbooks.com:  HTTPError: Response code 404 (Not Found)
https://www.rodsbooks.com/refind/mailto:rodsmith@rodsbooks.com:  HTTPError: Response code 404 (Not Found)
https://www.rodsbooks.com/refind/fdl-1.3.txt:  HTTPError: Response code 404 (Not Found)
https://www.rodsbooks.com/refind/mailto:rodsmith@rodsbooks.com:  HTTPError: Response code 404 (Not Found)
https://www.rodsbooks.com/refind/refind-metro.png:  HTTPError: Response code 404 (Not Found)
https://www.rodsbooks.com/refind/apple.stackexchange.com/questions/91139/why-does-my-mbp-sleep-on-mountain-lion-and-often-not-wake-up/91150#91150:  HTTPError: Response code 404 (Not Found)
https://www.rodsbooks.com/refind/mailto:rodsmith@rodsbooks.com:  HTTPError: Response code 404 (Not Found)
https://www.rodsbooks.com/refind/fdl-1.3.txt:  HTTPError: Response code 404 (Not Found)
https://www.rodsbooks.com/refind/refind-metro.png:  HTTPError: Response code 404 (Not Found)
